<html>
<body>
<pre>
<h1>µVision Build Log</h1>
<h2>Tool Versions:</h2>
IDE-Version: ¦ÌVision V5.34.0.0
Copyright (C) 2021 ARM Ltd and ARM Germany GmbH. All rights reserved.
License Information: zhong Windows, HP Inc., LIC=FYKYW-Q3CHB-45UT5-G1DCV-5KIDM-3IB9B
 
Tool Versions:
Toolchain:       MDK-ARM Plus  Version: 5.34.0.0
Toolchain Path:  E:\software\Keil5\ARM\ARMCC\Bin
C Compiler:      Armcc.exe V5.06 update 7 (build 960)
Assembler:       Armasm.exe V5.06 update 7 (build 960)
Linker/Locator:  ArmLink.exe V5.06 update 7 (build 960)
Library Manager: ArmAr.exe V5.06 update 7 (build 960)
Hex Converter:   FromElf.exe V5.06 update 7 (build 960)
CPU DLL:         SARMCM3.DLL V5.34.0.0
Dialog DLL:      DARMSTM.DLL V1.68.0.0
Target DLL:      UL2CM3.DLL V1.163.9.0
Dialog DLL:      TARMSTM.DLL V1.66.0.0
 
<h2>Project:</h2>
D:\FreeRtos_resouce_code\FreeRTOSv202107.00\FreeRTOS\Demo\CORTEX_STM32F103_Keil\RTOSDemo.uvproj
Project File Date:  12/27/2022

<h2>Output:</h2>
*** Using Compiler 'V5.06 update 7 (build 960)', folder: 'E:\software\Keil5\ARM\ARMCC\Bin'
Rebuild target 'Target 1'
assembling cortexm3_macro_rvds.s...
assembling STM32F10x.s...
compiling stm32f10x_systick.c...
compiling stm32f10x_lib.c...
compiling stm32f10x_rcc.c...
compiling stm32f10x_spi.c...
compiling stm32f10x_nvic.c...
compiling stm32f10x_gpio.c...
compiling stm32f10x_usart.c...
compiling serial.c...
compiling stm32f10x_tim.c...
compiling main.c...
compiling list.c...
compiling tasks.c...
compiling heap_2.c...
compiling queue.c...
compiling port.c...
linking...
Program Size: Code=10700 RO-data=288 RW-data=96 ZI-data=18120  
".\RTOSDemo.axf" - 0 Error(s), 0 Warning(s).
Build Time Elapsed:  00:00:01
</pre>
</body>
</html>
